funder,1,1,100.0,0,0,
funder2,2,3,67,2284.4666822899517,3869.2116470760116,59
